US_KS_1#debug cry gdoi
GDOI Generic Debug level: (Error, Terse) 

US_KS_1#debug cry gdoi ?
  detail  Detail level
  error   Error level
  event   Event level
  gm      Group Member
  infra   GDOI Infrastructure 
  ks      Key Server
  packet  Packet level
  replay  Anti Replay
  terse   Terse level
  <cr>

US_KS_1#debug cry gdoi de
US_KS_1#debug cry gdoi detail 
GDOI Generic Debug level: (Detail, Event, Terse, Error) 

US_KS_1#
*Sep 14 11:16:23.867: GDOI:INFRA:(0):                TEK lifetime is 1238 seconds
*Sep 14 11:16:23.871: GDOI:INFRA:(1030:17320222): Construct tek: spi is 0x4EBEFD02
*Sep 14 11:16:23.875: GDOI:INFRA:(0):                TEK lifetime is 1237 seconds
*Sep 14 11:16:23.875: GDOI:INFRA:(1030:17320222): Construct tek: spi is 0x4EBEFD02
*Sep 14 11:16:23.879: GDOI:REPLAY:(1030:17320222):KS pseudotime is 8578.79 (secs)
*Sep 14 11:16:23.883: GDOI:REPLAY:(GETVPN-GROUP-MULTICAST:0):gdoi_ks_start_stop_sync_timer: CHECK_SYNC_TMR_REKEY
*Sep 14 11:16:23.891: GDOI:INFRA:(1030:17320222):GDOI SA sent successfully by KS
*Sep 14 11:16:34.355: GDOI:INFRA:(0):                TEK lifetime is 1227 seconds
*Sep 14 11:16:34.359: GDOI:INFRA:(1030:17320222): Construct tek: spi is 0x4EBEFD02
*Sep 14 11:16:34.359: GDOI:INFRA:(0):                TEK lifetime is 1227 seconds
*Sep 14 11:16:34.359: GDOI:INFRA:(1030:17320222): Construct tek: spi is 0x4EBEFD02
*Sep 14 11:16:34.359: GDOI:REPLAY:(1030:17320222):KS pseudotime is 8589.27 (secs)
*Sep 14 11:16:34.363: GDOI:REPLAY:(GETVPN-GROUP-MULTICAST:0):gdoi_ks_start_stop_sync_timer: CHECK_SYNC_TMR_REKEY
*Sep 14 11:16:34.367: GDOI:INFRA:(1030:17320222):GDOI SA sent successfully by KS
*Sep 14 11:16:34.451: GDOI:INFRA:(0):GDOI Group Member was not added to tree
*Sep 14 11:16:34.451: GDOI:INFRA:(1030:17320222):GDOI KD sent successfully by KS
US_KS_1#
US_KS_1#
US_KS_1#
US_KS_1#
US_KS_1#debug cry
US_KS_1#debug crypto ?
  ber           decode ASN.1 BER data
  condition     Define debug condition filters
  ctcp          cTCP debugging
  engine        Crypto Engine Debug
  gdoi          Crypto GDOI Group Key Management debug
  ha            Crypto High Availability (generic) debug
  ipsec         IPSEC processing
  ipv6          Crypto IPv6 debug
  isakmp        ISAKMP Key Management
  kmi           Crypto Key Management Interface debug
  mib           IPSEC Management Transactions
  pki           PKI Client
  provisioning  Crypto provisioning configuration
  rmal          Crypto RMAL debug
  routing       IPSEC Route Events
  socket        Crypto Secure Socket Debug
  verbose       verbose decode

US_KS_1#debug crypto gd
US_KS_1#debug crypto gdoi ? 
  detail  Detail level
  error   Error level
  event   Event level
  gm      Group Member
  infra   GDOI Infrastructure 
  ks      Key Server
  packet  Packet level
  replay  Anti Replay
  terse   Terse level
  <cr>

US_KS_1#debug ip ssm      
US_KS_1#debug ip ssm
US_KS_1#debug ip ssm?
% Unrecognized command
US_KS_1#debug ip pimn
US_KS_1#debug ip pimn
US_KS_1#debug pim    
US_KS_1#debug pim?
% Unrecognized command
US_KS_1#debug ip pim
US_KS_1#debug ip pim 
US_KS_1#debug ip pim ?
  Hostname or A.B.C.D  IP group address
  atm                  PIM ATM signalling activity
  auto-rp              Auto-RP
  bsr                  PIM Candidate-RP/BSR activity
  df                   PIM RP designated forwarder election activity
  hello                PIM Hello packets
  timers               PIM timer events
  vrf                  Select VPN Routing/Forwarding instance
  <cr>

US_KS_1#debug ip pim 
PIM debugging is on
US_KS_1#
*Sep 14 11:17:59.543: PIM(0): Received v2 Join/Prune on FastEthernet0/0 from 55.55.55.254, to us
*Sep 14 11:17:59.547: PIM(0): Join-list: (155.155.155.1/32, 232.1.1.1), S-bit set
*Sep 14 11:17:59.551: PIM(0): Update FastEthernet0/0/55.55.55.254 to (155.155.155.1, 232.1.1.1), Forward state, by PIM SG Join
*Sep 14 11:18:31.567: GDOI:INFRA:(0):                TEK lifetime is 1110 seconds
*Sep 14 11:18:31.571: GDOI:INFRA:(1031:17320222): Construct tek: spi is 0x4EBEFD02
*Sep 14 11:18:31.575: GDOI:INFRA:(0):                TEK lifetime is 1110 seconds
*Sep 14 11:18:31.579: GDOI:INFRA:(1031:17320222): Construct tek: spi is 0x4EBEFD02
*Sep 14 11:18:31.583: GDOI:REPLAY:(1031:17320222):KS pseudotime is 8706.49 (secs)
*Sep 14 11:18:31.583: GDOI:REPLAY:(GETVPN-GROUP-MULTICAST:0):gdoi_ks_start_stop_sync_timer: CHECK_SYNC_TMR_REKEY
*Sep 14 11:18:31.587: GDOI:INFRA:(1031:17320222):GDOI SA sent successfully by KS
*Sep 14 11:18:52.083: GDOI:INFRA:(0):                TEK lifetime is 1089 seconds
*Sep 14 11:18:52.087: GDOI:INFRA:(1031:17320222): Construct tek: spi is 0x4EBEFD02
*Sep 14 11:18:52.091: GDOI:INFRA:(0):                TEK lifetime is 1089 seconds
*Sep 14 11:18:52.091: GDOI:INFRA:(1031:17320222): Construct tek: spi is 0x4EBEFD02
*Sep 14 11:18:52.095: GDOI:REPLAY:(1031:17320222):KS pseudotime is 8727.00 (secs)
*Sep 14 11:18:52.095: GDOI:REPLAY:(GETVPN-GROUP-MULTICAST:0):gdoi_ks_start_stop_sync_timer: CHECK_SYNC_TMR_REKEY
*Sep 14 11:18:52.099: GDOI:INFRA:(1031:17320222):GDOI SA sent successfully by KS
*Sep 14 11:18:52.171: GDOI:INFRA:(0):GDOI Group Member was not added to tree
*Sep 14 11:18:52.175: GDOI:INFRA:(1031:17320222):GDOI KD sent successfully by KS
*Sep 14 11:18:58.047: PIM(0): Received v2 Join/Prune on FastEthernet0/0 from 55.55.55.254, to us
*Sep 14 11:18:58.051: PIM(0): Join-list: (155.155.155.1/32, 232.1.1.1), S-bit set
*Sep 14 11:18:58.055: PIM(0): Update FastEthernet0/0/55.55.55.254 to (155.155.155.1, 232.1.1.1), Forward state, by PIM SG Join
*Sep 14 11:19:56.243: PIM(0): Received v2 Join/Prune on FastEthernet0/0 from 55.55.55.254, to us
*Sep 14 11:19:56.247: PIM(0): Join-list: (155.155.155.1/32, 232.1.1.1), S-bit set
*Sep 14 11:19:56.251: PIM(0): Update FastEthernet0/0/55.55.55.254 to (155.155.155.1, 232.1.1.1), Forward state, by PIM SG Join
US_KS_1#
US_KS_1#
US_KS_1#
US_KS_1#
US_KS_1#
US_KS_1#
US_KS_1#
US_KS_1#
US_KS_1#
US_KS_1#
*Sep 14 11:20:55.823: PIM(0): Received v2 Join/Prune on FastEthernet0/0 from 55.55.55.254, to us
*Sep 14 11:20:55.827: PIM(0): Join-list: (155.155.155.1/32, 232.1.1.1), S-bit set
*Sep 14 11:20:55.831: PIM(0): Update FastEthernet0/0/55.55.55.254 to (155.155.155.1, 232.1.1.1), Forward state, by PIM SG Join
*Sep 14 11:21:06.723: GDOI:INFRA:(0):                TEK lifetime is 955 seconds
*Sep 14 11:21:06.727: GDOI:INFRA:(1032:17320222): Construct tek: spi is 0x4EBEFD02
*Sep 14 11:21:06.731: GDOI:INFRA:(0):                TEK lifetime is 955 seconds
*Sep 14 11:21:06.735: GDOI:INFRA:(1032:17320222): Construct tek: spi is 0x4EBEFD02
*Sep 14 11:21:06.739: GDOI:REPLAY:(1032:17320222):KS pseudotime is 8861.64 (secs)
*Sep 14 11:21:06.739: GDOI:REPLAY:(GETVPN-GROUP-MULTICAST:0):gdoi_ks_start_stop_sync_timer: CHECK_SYNC_TMR_REKEY
*Sep 14 11:21:06.747: GDOI:INFRA:(1032:17320222):GDOI SA sent successfully by KS
*Sep 14 11:21:06.831: GDOI:INFRA:(0):GDOI Group Member was not added to tree
*Sep 14 11:21:06.835: GDOI:INFRA:(1032:17320222):GDOI KD sent successfully by KS
US_KS_1#u all
All possible debugging has been turned off
US_KS_1#
US_KS_1#
US_KS_1#
US_KS_1#sh run
US_KS_1#sh running-config 
Building configuration...

Current configuration : 3031 bytes
!
! Last configuration change at 10:54:19 UTC Wed Sep 14 2016
!
upgrade fpd auto
version 15.0
service timestamps debug datetime msec
service timestamps log datetime msec
no service password-encryption
!
hostname US_KS_1
!
boot-start-marker
boot-end-marker
!
!
no aaa new-model
!
!
!
ip source-route
ip cef
!         
!
!
!
ip multicast-routing 
no ipv6 cef
!
multilink bundle-name authenticated
!
!
!
!
!
!
!
!
username SSH privilege 15 password 0 SSH
!
redundancy
!
!
! 
!
crypto isakmp policy 10
 encr aes 256
 authentication pre-share
 group 5
!
crypto isakmp policy 15
 encr aes 256
 authentication pre-share
 group 2
 lifetime 1200
crypto isakmp key I_LOVE_USA address 0.0.0.0 0.0.0.0
!
!
crypto ipsec transform-set AES256/SHA esp-aes 256 esp-sha-hmac 
!
crypto ipsec profile GETVPN-PROFILE
 set security-association lifetime seconds 7200
 set transform-set AES256/SHA 
!
crypto gdoi group GETVPN-GROUP-UNICAST
 identity number 18090212
 server local
  rekey algorithm aes 256
  rekey retransmit 40 number 3
  rekey authentication mypubkey rsa GETVPN-REKEY-RSA
  rekey transport unicast
  sa ipsec 10
   profile GETVPN-PROFILE
   match address ipv4 GETVPN-DMVPN-P3-EIGRP-USA
   replay time window-size 20
  address ipv4 155.155.155.1
  redundancy
   local priority 100
!
crypto gdoi group GETVPN-GROUP-MULTICAST
 identity number 17320222
 server local
  rekey algorithm aes 256
  rekey address ipv4 GETVPN-REKEY-MULTICAST-GROUP
  rekey retransmit 40 number 3
  rekey authentication mypubkey rsa GETVPN-REKEY-RSA
  sa ipsec 20
   profile GETVPN-PROFILE
   match address ipv4 GETVPN-MPLS-VPN
   replay time window-size 20
  address ipv4 155.155.155.1
          
US_KS_1#conf
Configuring from terminal, memory, or network [terminal]? 
Enter configuration commands, one per line.  End with CNTL/Z.
US_KS_1(config)#crypto gdoi group GETVPN-GROUP-UNICAST
US_KS_1(config-gdoi-group)# identity number 18090212
US_KS_1(config-gdoi-group)# server local
US_KS_1(gdoi-local-server)#  rekey algorithm aes 256
US_KS_1(gdoi-local-server)#  rekey retransmit 40 number 3
US_KS_1(gdoi-local-server)#$hentication mypubkey rsa GETVPN-REKEY-RSA        
US_KS_1(gdoi-local-server)#  rekey transport unicast
US_KS_1(gdoi-local-server)#  sa ipsec 10
US_KS_1(gdoi-sa-ipsec)#   profile GETVPN-PROFILE
US_KS_1(gdoi-sa-ipsec)#   match address ipv4 GETVPN-DMVPN-P3-EIGRP-USA
US_KS_1(gdoi-sa-ipsec)#   replay time window-size 20
US_KS_1(gdoi-sa-ipsec)#  address ipv4 155.155.155.1
US_KS_1(gdoi-local-server)#  redundancy
US_KS_1(gdoi-coop-ks-config)#   local priority 100
US_KS_1(gdoi-coop-ks-config)#
*Sep 14 11:21:55.479: %GDOI-5-KS_REKEY_TRANS_2_UNI: Group GETVPN-GROUP-UNICAST transitioned to Unicast Rekey.
US_KS_1(gdoi-coop-ks-config)#
US_KS_1(gdoi-coop-ks-config)#
US_KS_1(gdoi-coop-ks-config)#peer
US_KS_1(gdoi-coop-ks-config)#peer ?
  address  Peer server address

US_KS_1(gdoi-coop-ks-config)#peer 155.155.155.2 ?
% Unrecognized command
US_KS_1(gdoi-coop-ks-config)#peer 155.155.155.2 
US_KS_1(gdoi-coop-ks-config)#peer 155.155.155.2
US_KS_1(gdoi-coop-ks-config)#peer add          
US_KS_1(gdoi-coop-ks-config)#peer address 155.155.155.2
                                          ^
% Invalid input detected at '^' marker.

US_KS_1(gdoi-coop-ks-config)#peer address 155.155.155.2 ?
% Unrecognized command
US_KS_1(gdoi-coop-ks-config)#peer address ?             
  ipv4  Set peer server ipv4 address

US_KS_1(gdoi-coop-ks-config)#peer address ipv
US_KS_1(gdoi-coop-ks-config)#peer address ipv4 ?
  A.B.C.D  Peer server ipv4 address

US_KS_1(gdoi-coop-ks-config)#peer address ipv4 155.155.155.2
US_KS_1(gdoi-coop-ks-config)#exit
*Sep 14 11:22:23.487: %GDOI-5-COOP_KS_ADD: 155.155.155.2 added as COOP Key Server in group GETVPN-GROUP-UNICAST.
US_KS_1(gdoi-local-server)#end
US_KS_1#conf
Configuring from terminal, memory, or network [terminal]? 
Enter configuration commands, one per line.  End with CNTL/Z.
US_KS_1(config)#
*Sep 14 11:22:27.063: %SYS-5-CONFIG_I: Configured from console by console
*Sep 14 11:22:27.335: %GDOI-5-KS_SEND_MCAST_REKEY: Sending Multicast Rekey for group GETVPN-GROUP-MULTICAST from address 155.155.155.1 to 232.0.0.0  with seq # 5 
US_KS_1(config)#
US_KS_1(config)#
US_KS_1(config)#
US_KS_1(config)#
US_KS_1(config)#
US_KS_1(config)#crypto gdoi group GETVPN-GROUP-MULTICAST
US_KS_1(config-gdoi-group)# identity number 17320222
US_KS_1(config-gdoi-group)# server local
US_KS_1(gdoi-local-server)#  rekey algorithm aes 256
US_KS_1(gdoi-local-server)#  rekey address ipv4 GETVPN-REKEY-MULTICAST-GROUP
US_KS_1(gdoi-local-server)#  rekey retransmit 40 number 3
US_KS_1(gdoi-local-server)#$hentication mypubkey rsa GETVPN-REKEY-RSA        
US_KS_1(gdoi-local-server)#  sa ipsec 20
US_KS_1(gdoi-sa-ipsec)#   profile GETVPN-PROFILE
US_KS_1(gdoi-sa-ipsec)#   match address ipv4 GETVPN-MPLS-VPN
US_KS_1(gdoi-sa-ipsec)#   replay time window-size 20
US_KS_1(gdoi-sa-ipsec)#  address ipv4 155.155.155.1
US_KS_1(gdoi-local-server)#redu
US_KS_1(gdoi-local-server)#redundancy ?
  <cr>

US_KS_1(gdoi-local-server)#redundancy 
US_KS_1(gdoi-coop-ks-config)#peer
US_KS_1(gdoi-coop-ks-config)#peer ?
  address  Peer server address

US_KS_1(gdoi-coop-ks-config)#peer add
US_KS_1(gdoi-coop-ks-config)#peer address ip
US_KS_1(gdoi-coop-ks-config)#peer address ipv4 155.155.155.2
US_KS_1(gdoi-coop-ks-config)#ex
*Sep 14 11:22:54.663: %GDOI-5-COOP_KS_ADD: 155.155.155.2 added as COOP Key Server in group GETVPN-GROUP-MULTICAST.it
US_KS_1(gdoi-local-server)#end
US_KS_1#sh run
US_KS_1#sh running-config 
Building configuration...

Current configuration : 3101 bytes
!
! Last configuration change at 11:22:56 UTC Wed Sep 14 2016
!
upgrade fpd auto
version 15.0
service timestamps debug datetime msec
service timestamps log datetime msec
no service password-encryption
!
hostname US_KS_1
!
boot-start-marker
boot-end-marker
!
!
no aaa new-model
!
!
!
ip source-route
ip cef
!         
!
!
!
ip multicast-routing 
no ipv6 cef
!
multilink bundle-name authenticated
!
!
!
!
!
!
!
!
username SSH privilege 15 password 0 SSH
!
redundancy
!
!
! 
!
crypto isakmp policy 10
 encr aes 256
 authentication pre-share
 group 5
!
crypto isakmp policy 15
 encr aes 256
 authentication pre-share
 group 2
 lifetime 1200
crypto isakmp key I_LOVE_USA address 0.0.0.0 0.0.0.0
!
!
crypto ipsec transform-set AES256/SHA esp-aes 256 esp-sha-hmac 
!
crypto ipsec profile GETVPN-PROFILE
 set security-association lifetime seconds 7200
 set transform-set AES256/SHA 
!
crypto gdoi group GETVPN-GROUP-UNICAST
 identity number 18090212
 server local
  rekey algorithm aes 256
  rekey retransmit 40 number 3
  rekey authentication mypubkey rsa GETVPN-REKEY-RSA
  rekey transport unicast
  sa ipsec 10
   profile GETVPN-PROFILE
   match address ipv4 GETVPN-DMVPN-P3-EIGRP-USA
   replay time window-size 20
  address ipv4 155.155.155.1
  redundancy
   local priority 100
   peer address ipv4 155.155.155.2
!
crypto gdoi group GETVPN-GROUP-MULTICAST
 identity number 17320222
 server local
  rekey algorithm aes 256
  rekey address ipv4 GETVPN-REKEY-MULTICAST-GROUP
  rekey retransmit 40 number 3
  rekey authentication mypubkey rsa GETVPN-REKEY-RSA
  sa ipsec 20
   profile GETVPN-PROFILE
   match address ipv4 GETVPN-MPLS-VPN
   replay time window-size 20
 --More-- 
*Sep 14 11:22:56.675: %SYS-5-CONFIG_I: Configured from console   address ipv4 155.155.155.1
  redundancy
   local priority 75
   peer address ipv4 155.155.155.2
!
!
!
!
!
!
interface Loopback0
 description US_KS_1_SERVER_IP
 ip address 155.155.155.1 255.255.255.255
 ip pim sparse-mode
 !
!
interface FastEthernet0/0
 ip address 55.55.55.1 255.255.255.0
 ip pim sparse-mode
 duplex auto
 speed auto
 !
!
interface FastEthernet0/1
 ip address 52.52.52.2 255.255.255.0
 ip pim sparse-mode
 duplex auto
 speed auto
 !
!
interface FastEthernet1/0
 no ip address
 shutdown
 duplex auto
 speed auto
 !
!
interface FastEthernet1/1
 no ip address
 shutdown
 duplex auto
 speed auto
 !
!
interface FastEthernet2/0
 no ip address
 shutdown 
 duplex auto
 speed auto
 !
!
interface FastEthernet2/1
 no ip address
 shutdown
 duplex auto
 speed auto
 !
!
!
router eigrp 500
 network 52.52.52.0 0.0.0.255
 network 55.55.55.0 0.0.0.255
 network 155.155.155.1 0.0.0.0
!
ip forward-protocol nd
no ip http server
no ip http secure-server
!
!
 --More-- 
*Sep 14 11:23:03.515: %GDOI-5-COOP_KS_TRANS_TO_PRI: KS 155.155.155.1 in group GETVPN-GROUP-UNICAST transitioned to Primary (Previous Primary = NONE)
*Sep 14 11:23:03.543: %GDOI-5-COOP_KS_TRANS_TO_PRI: KS 155.155.155.1 in group GETVPN-GROUP-MULTICAST transitioned to Primary (Previous Primaip pim ssm default
!
ip access-list extended GETVPN-DMVPN-P3-EIGRP-USA
 permit gre any any
ip access-list extended GETVPN-MPLS-VPN
 permit ip 5.5.5.0 0.0.0.255 3.3.3.0 0.0.0.255
 permit ip 3.3.3.0 0.0.0.255 5.5.5.0 0.0.0.255
ip access-list extended GETVPN-REKEY-MULTICAST-GROUP
 permit ip any 232.0.0.0 0.255.255.255
!
!
!
!
!
!
!
control-plane
 !
!
!
!
!
!
 --More-- 
*Sep 14 11:23:07.607: %GDOI-5-KS_SEND_MCAST_REKEY: Sending Multicast Rekey for group GETVPN-GROUP-MULTICAST from address 155.155.155.1 to 232.0.0.0  with seq # 6 
*Sep 14 11:23:47.915: %GDOI-5-KS_SEND_MCAST_REKEY: Sending Multicast Rekey for group GETVPN-GROUP-MULTICAST from address 155.155.155.1 to 232.0.0.0  with seq # 7 
*Sep 14 11:24:23.603: %GDOI-3-COOP_KS_UNREACH: Cooperative KS 155.155.155.2 Unreachable in group GETVPN-GROUP-UNICAST. IKE SA Status = Failed to establish.
*Sep 14 11:24:23.651: %GDOI-3-COOP_KS_UNREACH: Cooperative KS 155.155.155.2 Unreachable in group GETVPN-GROUP-MULTICAST. IKE SA Status = Failed to establish.
*Sep 14 11:24:28.231: %GDOI-5-KS_SEND_MCAST_REKEY: Sending Multicast Rekey for group GETVPN-GROUP-MULTICAST from address 155.155.155.1 to 232.0.0.0  with seq # 8 
*Sep 14 11:24:43.627: %GDOI-3-COOP_KS_UNREACH: Cooperative KS 155.155.155.2 Unreachable in group GETVPN-GROUP-UNICAST. IKE SA Status = Failed to establish.
*Sep 14 11:24:43.679: %GDOI-3-COOP_KS_UNREACH: Cooperative KS 155.155.155.2 Unreachable in group GETVPN-GROUP-MULTICAST. IKE SA Status = Failed to establish.
*Sep 14 11:25:03.651: %GDOI-3-COOP_KS_UNREACH: Cooperative KS 155.155.155.2 Unreachable in group GETVPN-GROUP-UNICAST. IKE SA Status = Failed to establish.
*Sep 14 11:25:03.707: %GDOI-3-COOP_KS_UNREACH: Cooperative KS 155.155.155.2 Unreachable in group GETVPN-GROUP-MULTICAST. IKE SA Status = Failed to gatekeeper
 shutdown 
!         
!         
line con 0
          
US_KS_1#
US_KS_1#
US_KS_1#
US_KS_1#wr
Building configuration...
[OK]
US_KS_1#
US_KS_1#
US_KS_1#
US_KS_1#
US_KS_1#
US_KS_1#
US_KS_1#
US_KS_1#wr
Building configuration...
[OK]
US_KS_1#
US_KS_1#
US_KS_1#
US_KS_1#
*Sep 14 11:25:23.663: %GDOI-3-COOP_KS_UNREACH: Cooperative KS 155.155.155.2 Unreachable in group GETVPN-GROUP-UNICAST. IKE SA Status = Failed to establish.
*Sep 14 11:25:23.707: %GDOI-3-COOP_KS_UNREACH: Cooperative KS 155.155.155.2 Unreachable in group GETVPN-GROUP-MULTICAST. IKE SA Status = Failed to establish.
*Sep 14 11:25:43.683: %GDOI-3-COOP_KS_UNREACH: Cooperative KS 155.155.155.2 Unreachable in group GETVPN-GROUP-UNICAST. IKE SA Status = Failed to establish.
*Sep 14 11:25:43.727: %GDOI-3-COOP_KS_UNREACH: Cooperative KS 155.155.155.2 Unreachable in group GETVPN-GROUP-MULTICAST. IKE SA Status = Failed to establish.
*Sep 14 11:26:03.703: %GDOI-3-COOP_KS_UNREACH: Cooperative KS 155.155.155.2 Unreachable in group GETVPN-GROUP-UNICAST. IKE SA Status = Failed to establish.
*Sep 14 11:26:03.751: %GDOI-3-COOP_KS_UNREACH: Cooperative KS 155.155.155.2 Unreachable in group GETVPN-GROUP-MULTICAST. IKE SA Status = Failed to establish.
*Sep 14 11:26:23.727: %GDOI-3-COOP_KS_UNREACH: Cooperative KS 155.155.155.2 Unreachable in group GETVPN-GROUP-UNICAST. IKE SA Status = Failed to establish.
*Sep 14 11:26:23.779: %GDOI-3-COOP_KS_UNREACH: Cooperative KS 155.155.155.2 Unreachable in group GETVPN-GROUP-MULTICAST. IKE SA Status = Failed to establish.
*Sep 14 11:26:43.747: %GDOI-3-COOP_KS_UNREACH: Cooperative KS 155.155.155.2 Unreachable in group GETVPN-GROUP-UNICAST. IKE SA Status = Failed to establish.
*Sep 14 11:26:43.799: %GDOI-3-COOP_KS_UNREACH: Cooperative KS 155.155.155.2 Unreachable in group GETVPN-GROUP-MULTICAST. IKE SA Status = Failed to establish.
*Sep 14 11:27:03.767: %GDOI-3-COOP_KS_UNREACH: Cooperative KS 155.155.155.2 Unreachable in group GETVPN-GROUP-UNICAST. IKE SA Status = Failed to establish.
*Sep 14 11:27:03.815: %GDOI-3-COOP_KS_UNREACH: Cooperative KS 155.155.155.2 Unreachable in group GETVPN-GROUP-MULTICAST. IKE SA Status = Failed to establish.
*Sep 14 11:27:23.787: %GDOI-3-COOP_KS_UNREACH: Cooperative KS 155.155.155.2 Unreachable in group GETVPN-GROUP-UNICAST. IKE SA Status = Failed to establish.
*Sep 14 11:27:23.831: %GDOI-3-COOP_KS_UNREACH: Cooperative KS 155.155.155.2 Unreachable in group GETVPN-GROUP-MULTICAST. IKE SA Status = Failed to establish.
*Sep 14 11:27:43.803: %GDOI-3-COOP_KS_UNREACH: Cooperative KS 155.155.155.2 Unreachable in group GETVPN-GROUP-UNICAST. IKE SA Status = Failed to establish.
*Sep 14 11:27:43.859: %GDOI-3-COOP_KS_UNREACH: Cooperative KS 155.155.155.2 Unreachable in group GETVPN-GROUP-MULTICAST. IKE SA Status = Failed to establish.
*Sep 14 11:28:03.823: %GDOI-3-COOP_KS_UNREACH: Cooperative KS 155.155.155.2 Unreachable in group GETVPN-GROUP-UNICAST. IKE SA Status = Failed to establish.
*Sep 14 11:28:03.867: %GDOI-3-COOP_KS_UNREACH: Cooperative KS 155.155.155.2 Unreachable in group GETVPN-GROUP-MULTICAST. IKE SA Status = Failed to establish.
*Sep 14 11:28:23.835: %GDOI-3-COOP_KS_UNREACH: Cooperative KS 155.155.155.2 Unreachable in group GETVPN-GROUP-UNICAST. IKE SA Status = Failed to establish.
*Sep 14 11:28:23.871: %GDOI-3-COOP_KS_UNREACH: Cooperative KS 155.155.155.2 Unreachable in group GETVPN-GROUP-MULTICAST. IKE SA Status = Failed to establish.
US_KS_1#
US_KS_1#
*Sep 14 11:28:43.851: %GDOI-3-COOP_KS_UNREACH: Cooperative KS 155.155.155.2 Unreachable in group GETVPN-GROUP-UNICAST. IKE SA Status = Failed to establish.
*Sep 14 11:28:43.891: %GDOI-3-COOP_KS_UNREACH: Cooperative KS 155.155.155.2 Unreachable in group GETVPN-GROUP-MULTICAST. IKE SA Status = Failed to establish.
*Sep 14 11:29:03.871: %GDOI-3-COOP_KS_UNREACH: Cooperative KS 155.155.155.2 Unreachable in group GETVPN-GROUP-UNICAST. IKE SA Status = Failed to establish.
*Sep 14 11:29:03.927: %GDOI-3-COOP_KS_UNREACH: Cooperative KS 155.155.155.2 Unreachable in group GETVPN-GROUP-MULTICAST. IKE SA Status = Failed to establish.
US_KS_1#
US_KS_1#
US_KS_1#
US_KS_1#   
US_KS_1#
US_KS_1#
US_KS_1#
US_KS_1#
US_KS_1#
US_KS_1#
US_KS_1#
US_KS_1#
US_KS_1#
US_KS_1#
US_KS_1#
US_KS_1#
US_KS_1#
US_KS_1#
US_KS_1#
US_KS_1#
US_KS_1#
US_KS_1#
US_KS_1#
US_KS_1#
US_KS_1#
US_KS_1#
US_KS_1#
US_KS_1#
US_KS_1#
US_KS_1#
US_KS_1#
US_KS_1#
US_KS_1#
US_KS_1#
US_KS_1#cry
US_KS_1#crypto ke
US_KS_1#crypto key ?
  lock    Lock a keypair.
  unlock  Unlock a keypair.

US_KS_1#crypto key 
*Sep 14 11:29:23.883: %GDOI-3-COOP_KS_UNREACH: Cooperative KS 155.155.155.2 Unreachable in group GETVPN-GROUP-UNICAST. IKE SA Status = Failed to establish.
US_KS_1#crypto key 
*Sep 14 11:29:23.891: %GDOI-5-COOP_KS_REACH: Reachability restored with Cooperative KS 155.155.155.2 in group GETVPN-GROUP-UNICAST.
US_KS_1#crypto key 
US_KS_1#crypto key 
US_KS_1#crypto key 
US_KS_1#crypto key ?
  lock    Lock a keypair.
  unlock  Unlock a keypair.

US_KS_1#crypto key 
*Sep 14 11:29:23.935: %GDOI-3-COOP_KS_UNREACH: Cooperative KS 155.155.155.2 Unreachable in group GETVPN-GROUP-MULTICAST. IKE SA Status = Failed to establis  
US_KS_1#crypto key 
US_KS_1#crypto key 
US_KS_1#crypto key 
US_KS_1#crypto key 
US_KS_1#           
US_KS_1#
US_KS_1#config
US_KS_1#configure 
Configuring from terminal, memory, or network [terminal]? 
Enter configuration commands, one per line.  End with CNTL/Z.
US_KS_1(config)#
US_KS_1(config)#cry
US_KS_1(config)#crypto ke
US_KS_1(config)#crypto key?
key  keyring  

US_KS_1(config)#crypto key ?
  decrypt       Decrypt a keypair.
  encrypt       Encrypt a keypair.
  export        Export keys
  generate      Generate new keys
  import        Import keys
  move          Move keys
  pubkey-chain  Peer public key chain management
  storage       default storage location for keypairs
  zeroize       Remove keys

US_KS_1(config)#crypto key end
                             ^
% Invalid input detected at '^' marker.

US_KS_1(config)#
US_KS_1(config)#
US_KS_1(config)#end
US_KS_1#show crypto key mypubkey rsa 
% Key pair was generated at: 08:57:38 UTC Sep 14 2016
Key name: GETVPN-REKEY-RSA
 Storage Device: private-config
 Usage: General Purpose Key
 Key is exportable.
 Key Data:
  30820122 300D0609 2A864886 F70D0101 01050003 82010F00 3082010A 02820101 
  00D6A36F 257DA7F9 9ED3597E EC8E4C93 745B109A 20930C01 202C925E 9C700D03 
  E88B5497 57B87261 F28E719E D2664923 E259D68E B841A9F7 CBA3A6CF 903AE576 
  0D55D490 80ED96A1 48C8DF1D E23232D3 CB5299E1 EE9AE465 F68C0CD2 A027FFBF 
  830B35AE D26C674E 2770BE4E 30336447 C1888E54 900D775D ABD6180C 750DF46B 
  69D09643 359E2992 240DAA7D 24CAE726 C50F9337 15FC072A A37F93B0 F550C4DA 
  CE926637 408E2376 015A4568 A699CD4C 601143F9 981548C2 4EF92D94 4D774B6B 
  215EC2E8 BD2E074F CF18502B 46FC8BAE 7B6C26FE 1F0387C6 F1781E4D 9E642C09 
  03528C71 7526305B 795FEE20 27AA38B7 9BA22338 8E0A2274 47855D09 95E5D8DA 
  67020301 0001
% Key pair was generated at: 10:57:41 UTC Sep 14 2016
Key name: GETVPN-REKEY-RSA.server
Temporary key
 Usage: Encryption Key
 Key is not exportable.
 Key Data:
  307C300D 06092A86 4886F70D 01010105 00036B00 30680261 00D72FBE 1A0A3776 
 --More-- 
*Sep 14 11:29:56.535: %SYS-5-CONFIG_I: Configured from console   A10FB673 130239C4 53BA0DB6 988FBB6C 69F2AC8E 23FDE18E 35B3D8FB 777C0DF0 
  C515C5BA F800EEC0 FA25D3A0 CD5C3021 33AA1B29 711E7775 0169FEC3 28F3A467 
  22CAC959 B5E65D08 C576596E 03812B1E 8189A5D0 0F53C48B 43020301 0001
US_KS_1# 
US_KS_1#conf
Configuring from terminal, memory, or network [terminal]? 
Enter configuration commands, one per line.  End with CNTL/Z.
US_KS_1(config)#
US_KS_1(config)#
US_KS_1(config)#
US_KS_1(config)#
US_KS_1(config)#
US_KS_1(config)#
US_KS_1(config)#
US_KS_1(config)#
US_KS_1(config)#
US_KS_1(config)#
US_KS_1(config)#
US_KS_1(config)#
US_KS_1(config)#
US_KS_1(config)#
US_KS_1(config)#
US_KS_1(config)#
US_KS_1(config)#
US_KS_1(config)#
US_KS_1(config)#
US_KS_1(config)#
US_KS_1(config)#
US_KS_1(config)#
US_KS_1(config)#
US_KS_1(config)#
US_KS_1(config)#
US_KS_1(config)#
US_KS_1(config)#
US_KS_1(config)#
US_KS_1(config)#
US_KS_1(config)#
US_KS_1(config)#
US_KS_1(config)#
US_KS_1(config)#
US_KS_1(config)#
US_KS_1(config)#
US_KS_1(config)#
US_KS_1(config)#crypto key export rsa GETVPN-REKEY-RSA pem terminal 3des ?
  LINE  Passphrase used to protect the private key

US_KS_1(config)#crypto key export rsa GETVPN-REKEY-RSA pem terminal 3des USA
% Passphrase is too short, needs to be at least 8 chars
US_KS_1(config)#$export rsa GETVPN-REKEY-RSA pem terminal 3des SUCK_MY_DICK  
% Key name: GETVPN-REKEY-RSA
   Usage: General Purpose Key
   Key data:
-----BEGIN PUBLIC KEY-----
MIIBIjANBgkqhkiG9w0BAQEFAAOCAQ8AMIIBCgKCAQEA1qNvJX2n+Z7TWX7sjkyT
dFsQmiCTDAEgLJJenHANA+iLVJdXuHJh8o5xntJmSSPiWdaOuEGp98ujps+QOuV2
DVXUkIDtlqFIyN8d4jIy08tSmeHumuRl9owM0qAn/7+DCzWu0mxnTidwvk4wM2RH
wYiOVJANd12r1hgMdQ30a2nQlkM1nimSJA2qfSTK5ybFD5M3FfwHKqN/k7D1UMTa
zpJmN0COI3YBWkVoppnNTGARQ/mYFUjCTvktlE13S2shXsLovS4HT88YUCtG/Iuu
e2wm/h8Dh8bxeB5NnmQsCQNSjHF1JjBbeV/uICeqOLeboiM4jgoidEeFXQmV5dja
ZwIDAQAB
-----END PUBLIC KEY-----
-----BEGIN RSA PRIVATE KEY-----
Proc-Type: 4,ENCRYPTED
DEK-Info: DES-EDE3-CBC,36CDD51270869322

zHEVmruO/vZ/7OOEelj0CQSQvCUPmJIuYSERtQ1QrG0hJcL8FO97NqnU8lJrn4Rc
r594tkTFDfmvdJ/cBPA0YaTrEn+wvPElD9D/0h6oTBfqNwaKP5+FBSRKziHs4ckE
OdkmA44DMA6uX8JRvtk3yDnD4Xlc5InziRTBGUCbFUnSVUFXZQVqPSFNIgg3eMnA
XSAgAtlYGpuxGND7a2mAR0ZAmfgUHkD1hzJZQEC5jlWp0U3xeKNVWOMoMAGjI8zO
u0W1hSN6Nxv35xWxhbi6Xwi4ATF3vh9c5gW1HmFK7nfVDGWe2QKTnDv3a+Ife88r
EnS/35a4OMiyE08ZbkYQbCa8PlBvXWN0jzB0RIS0KZE2rCxEvwCkJ4fJ09fvT5tO
RIKmZCCl/22gXh9/HrAjl6EEPYugXgeKM+uEDeScpFSMg61Awu/3zRk9YyIMWx6K
sx+i46LxnSB+8tjcWBdCpsJs+MXFKbhZs25Ufrwvp42g4WInC2s4R7bJYLRvSQr6
g4br/NP7V3XxTeWx8HpuGdfrWzQT7v/3/Yis4F85qbV8bmNnDSZ5nHqU8BFTLpWU
KVlOhF9/PvohN/SKfbOpdhZRWjIG126YXlTa4JLZhejt/x+8mZklZ7I/IXHREGCH
RPMHULJgik/MDPQrGZMaWehOhKjqV60maQOqUVT9xuSs6Ih4dz+VOLyczUUFyZD+
lNAY5wEjf/zr6Xq75R7Bg8vJhCF1W8jMrtfdp+ySbY58raT3fKBysdheTs78P9WK
KjYtCCQtISsOlRpFwccDofjRwaFu1klIBTAU67EEAB4kVM97y3S8j1qkVaZsRIdT
QLkSAGyH/6aA5kVx0bT35k7PivfYMWysaDvQn7Oa3UNd55S0eE50sl2xse806E3e
OleLSOw8tyy8MPZUcLUye3/DgXZ+G/mM5m001P3B9pQY5BSxi+QYHgaWlpCeh5Kr
HAV09dliDcueO+fqBZoVn889/aq1fvK6vVUjxWWkTGXQBv8LfBjeyVZ3tL5wHdEu
LdIPnNCdtXMkn4//D170KKiz/A+Lh2aUKrQ/T95Mtes8oH7mJIpvvmLtHhRXHG6t
fYI2/FLN1BsV4Z7F9y7jZvNZiZpDLH/PGHSyf56udq+fqZR2ASeWOhSmfEBVGIja
mNp1ZSJoFadudqfSAZLS8E1Ss4NSYWcF0ZdH90jZtr14XD80JUrNszTqWPmPjWJn
cc3p51MdVJcDFsEovafQAqxYzTkmFxnoui7Pc/VtYHAv/Qg1M75t5rit4qpCVVwu
i4g++zC9fh5Ucjl3VyeyiWdg5EtghW2vsQrUXkWfbF+0+ZNogKjRB86ORQEvgw6e
M9dGzpefCivANuMiDpH0b4pAHlwINt7D4pDCy3XAn86iSzjLg7wTD2sk6O6ncXna
LJrMzKP+ZKbWofppJBVx2k2oZK9J6et/wvT6D+vFQp24Fhe6hyyA88uSzPokBNe6
rbfPqABKLrD2UXzhgGVPaAySRmZg8mdeyd4wYnfe7wyZa+vNegyHYEVc/orzKU/D
C3p4/v0vAjvu3+NaQgM2A7QD9yoRT7dOyZq/YFGZFyudJRV3S27e+Q==
-----END RSA PRIVATE KEY-----

US_KS_1(config)# 
*Sep 14 11:38:20.859: %GDOI-4-GM_DELETE: GM 51.51.51.51 deleted from group GETVPN-GROUP-MULTICAST.
US_KS_1(config)#
US_KS_1(config)#
US_KS_1(config)#
US_KS_1(config)#
*Sep 14 11:38:32.943: %GDOI-4-GM_DELETE: GM 50.50.50.50 deleted from group GETVPN-GROUP-MULTICAST.end
US_KS_1#
US_KS_1#
US_KS_1#wr
Building configuration...
[OK]
US_KS_1#
US_KS_1#
US_KS_1#
US_KS_1#
*Sep 14 11:38:35.527: %SYS-5-CONFIG_I: Configured from console by console
US_KS_1#
US_KS_1#
US_KS_1#
US_KS_1#
US_KS_1#
US_KS_1#
US_KS_1#
US_KS_1#
US_KS_1#wr
Building configuration...
[OK]
US_KS_1#
US_KS_1#
US_KS_1#show cry gdoi
US_KS_1#show cry gdoi ?
  gm     Show Group Member infomation
  group  Show crypto gdoi group
  ipsec  Show GDOI IPSEC information
  ks     Show Key Server information
  |      Output modifiers
  <cr>

US_KS_1#show cry gdoi ks
US_KS_1#show cry gdoi ks ?
  acl      Show ACL applied to GDOI group
  coop     Show Cooperative Key Server information
  members  Show Registered Group Member information
  policy   Show key servers policy information
  rekey    Show rekey information
  replay   Display group information for time-based antireplay
  |        Output modifiers
  <cr>

US_KS_1#show cry gdoi ks coop
US_KS_1#show cry gdoi ks coop ?
  version  Show Cooperative Key Server and client versions
  |        Output modifiers
  <cr>

US_KS_1#show cry gdoi ks coop 
Crypto Gdoi Group Name :GETVPN-GROUP-UNICAST 
        Group handle: 2147483650, Local Key Server handle: 2147483650

        Local Address: 155.155.155.1 
        Local Priority: 100      
        Local KS Role: Primary   , Local KS Status: Alive     
        Primary Timers: 
                Primary Refresh Policy Time: 20 
                Remaining Time: 16
                Antireplay Sequence Number: 66

        Peer Sessions:
        Session 1:
                Server handle: 2147483652
                Peer Address: 155.155.155.2
                Peer Priority: 75              
                Peer KS Role: Secondary , Peer KS Status: Alive     
                Antireplay Sequence Number: 3

                IKE status: Established
                Counters:
                    Ann msgs sent: 46
                    Ann msgs sent with reply request: 0
                    Ann msgs recv: 0 
                    Ann msgs recv with reply request: 2
                    Packet sent drops: 20 
                    Packet Recv drops: 0 
                    Total bytes sent: 32910 
                    Total bytes recv: 660

Crypto Gdoi Group Name :GETVPN-GROUP-MULTICAST 
        Group handle: 2147483651, Local Key Server handle: 2147483651

        Local Address: 155.155.155.1 
        Local Priority: 75       
        Local KS Role: Primary   , Local KS Status: Alive     
        Primary Timers: 
                Primary Refresh Policy Time: 20 
                Remaining Time: 2
                Antireplay Sequence Number: 67

        Peer Sessions:
        Session 1:
                Server handle: 2147483653
                Peer Address: 155.155.155.2
                Peer Priority: 100             
                Peer KS Role: Secondary , Peer KS Status: Alive     
                Antireplay Sequence Number: 6

                IKE status: Established
                Counters:
                    Ann msgs sent: 47
                    Ann msgs sent with reply request: 0
                    Ann msgs recv: 2 
                    Ann msgs recv with reply request: 3
                    Packet sent drops: 20 
                    Packet Recv drops: 0 
                    Total bytes sent: 37158 
                    Total bytes recv: 2397


US_KS_1#
*Sep 14 11:48:02.611: %GDOI-4-GM_DELETE: GM 30.30.30.30 deleted from group GETVPN-GROUP-MULTICAST.
*Sep 14 11:48:43.243: %GDOI-4-GM_DELETE: GM 31.31.31.31 deleted from group GETVPN-GROUP-MULTICAST.
*Sep 14 11:49:19.199: %GDOI-4-GM_DELETE: GM 31.31.31.31 deleted from group GETVPN-GROUP-MULTICAST.

































US_KS_1 con0 is now available





Press RETURN to get started.








*Sep 14 12:53:52.675: %GDOI-5-KS_SEND_UNICAST_REKEY: Sending Unicast Rekey for group GETVPN-GROUP-UNICAST from address 155.155.155.1 with seq # 5 
*Sep 14 12:53:57.687: %GDOI-4-GM_DELETE: GM 30.30.30.30 deleted from group GETVPN-GROUP-UNICAST.
*Sep 14 12:53:57.691: %GDOI-4-GM_DELETE: GM 31.31.31.31 deleted from group GETVPN-GROUP-UNICAST.
*Sep 14 12:53:57.695: %GDOI-4-GM_DELETE: GM 50.50.50.50 deleted from group GETVPN-GROUP-UNICAST.
*Sep 14 12:53:57.695: %GDOI-4-GM_DELETE: GM 51.51.51.51 deleted from group GETVPN-GROUP-UNICAST.
*Sep 14 12:54:12.839: %GDOI-5-KS_SEND_MCAST_REKEY: Sending Multicast Rekey for group GETVPN-GROUP-MULTICAST from address 155.155.155.1 to 232.0.0.0  with seq # 1 
*Sep 14 12:54:53.107: %GDOI-5-KS_SEND_MCAST_REKEY: Sending Multicast Rekey for group GETVPN-GROUP-MULTICAST from address 155.155.155.1 to 232.0.0.0  with seq # 2 
*Sep 14 12:55:33.382: %GDOI-5-KS_SEND_MCAST_REKEY: Sending Multicast Rekey for group GETVPN-GROUP-MULTICAST from address 155.155.155.1 to 232.0.0.0  with seq # 3 
*Sep 14 12:56:13.682: %GDOI-5-KS_SEND_MCAST_REKEY: Sending Multicast Rekey for group GETVPN-GROUP-MULTICAST from address 155.155.155.1 to 232.0.0.0  with seq # 4 
*Sep 14 13:08:27.334: %GDOI-5-KS_SEND_MCAST_REKEY: Sending Multicast Rekey for group GETVPN-GROUP-MULTICAST from address 155.155.155.1 to 232.0.0.0  with seq # 5 
*Sep 14 13:09:07.630: %GDOI-5-KS_SEND_MCAST_REKEY: Sending Multicast Rekey for group GETVPN-GROUP-MULTICAST from address 155.155.155.1 to 232.0.0.0  with seq # 6 
*Sep 14 13:09:47.918: %GDOI-5-KS_SEND_MCAST_REKEY: Sending Multicast Rekey for group GETVPN-GROUP-MULTICAST from address 155.155.155.1 to 232.0.0.0  with seq # 7 
*Sep 14 13:10:28.186: %GDOI-5-KS_SEND_MCAST_REKEY: Sending Multicast Rekey for group GETVPN-GROUP-MULTICAST from address 155.155.155.1 to 232.0.0.0  with seq # 8 
*Sep 14 13:18:22.250: %GDOI-4-GM_DELETE: GM 31.31.31.31 deleted from group GETVPN-GROUP-MULTICAST.
US_KS_1>
US_KS_1>
US_KS_1>
US_KS_1>
US_KS_1>
US_KS_1>
US_KS_1>en
US_KS_1#show cru gdoi
US_KS_1#show cru gdoi
               ^
% Invalid input detected at '^' marker.

US_KS_1#show cry gdoi
US_KS_1#show cry gdoi 
GROUP INFORMATION

    Group Name               : GETVPN-GROUP-UNICAST (Unicast)
    Group Identity           : 18090212
    Group Members            : 0
    IPSec SA Direction       : Both
    Redundancy               : Configured
        Local Address        : 155.155.155.1
        Local Priority       : 100
        Local KS Status      : Alive
        Local KS Role        : Primary
    Group Rekey Lifetime     : 86400 secs
    Group Rekey
        Remaining Lifetime   : 68757 secs
    Rekey Retransmit Period  : 40 secs
    Rekey Retransmit Attempts: 3
    Group Retransmit
        Remaining Lifetime   : 0 secs

      IPSec SA Number        : 10
      IPSec SA Rekey Lifetime: 7200 secs
      Profile Name           : GETVPN-PROFILE
      Replay method          : Time Based
      Replay Window Size     : 20
      SA Rekey
         Remaining Lifetime  : 1370 secs
      ACL Configured         : access-list GETVPN-DMVPN-P3-EIGRP-USA

     Group Server list       : Local
                               


    Group Name               : GETVPN-GROUP-MULTICAST (Multicast)
    Group Identity           : 17320222
    Group Members            : 4
    IPSec SA Direction       : Both
    Redundancy               : Configured
        Local Address        : 155.155.155.1
        Local Priority       : 75
        Local KS Status      : Alive
        Local KS Role        : Primary
    Group Rekey Lifetime     : 86400 secs
    Group Rekey
        Remaining Lifetime   : 75065 secs
    Rekey Retransmit Period  : 40 secs
    Rekey Retransmit Attempts: 3
    Group Retransmit
        Remaining Lifetime   : 0 secs

      IPSec SA Number        : 20
      IPSec SA Rekey Lifetime: 7200 secs
      Profile Name           : GETVPN-PROFILE
      Replay method          : Time Based
      Replay Window Size     : 20
      SA Rekey
         Remaining Lifetime  : 2226 secs
      ACL Configured         : access-list GETVPN-MPLS-VPN

     Group Server list       : Local
                               


